2026-05-04 20:02:15,008 — INFO — ============================================================
2026-05-04 20:02:15,008 — INFO —   DÉMARRAGE PIPELINE ETL MEXORA
2026-05-04 20:02:15,008 — INFO — ============================================================
2026-05-04 20:02:15,008 — INFO — --- PHASE EXTRACT ---
2026-05-04 20:02:15,073 — INFO — [EXTRACT] commandes      :  50000 lignes extraites
2026-05-04 20:02:15,085 — INFO — [EXTRACT] clients        :   5100 lignes extraites
2026-05-04 20:02:15,086 — INFO — [EXTRACT] produits       :     50 lignes extraites
2026-05-04 20:02:15,087 — INFO — [EXTRACT] regions        :     30 lignes extraites
2026-05-04 20:02:15,088 — INFO — [EXTRACT] livreurs       :     15 lignes extraites
2026-05-04 20:02:15,088 — INFO — --- PHASE TRANSFORM ---
2026-05-04 20:02:15,088 — INFO — [TRANSFORM] commandes    : début avec 50000 lignes
2026-05-04 20:02:15,100 — INFO — [TRANSFORM] R1 doublons  : 1424 lignes supprimées
2026-05-04 20:02:18,003 — INFO — [TRANSFORM] R2 dates     : 0 dates invalides supprimées
2026-05-04 20:02:18,037 — INFO — [TRANSFORM] R3 villes    : 0 villes non reconnues → 'Non renseignée'
2026-05-04 20:02:18,043 — INFO — [TRANSFORM] R4 statuts   : 0 valeurs non reconnues → 'inconnu'
2026-05-04 20:02:18,056 — INFO — [TRANSFORM] R5 quantités : 2890 lignes supprimées (quantite <= 0)
2026-05-04 20:02:18,067 — INFO — [TRANSFORM] R6 prix nuls : 884 commandes test supprimées
2026-05-04 20:02:18,070 — INFO — [TRANSFORM] R7 livreurs  : 3127 valeurs manquantes → '-1'
2026-05-04 20:02:18,081 — INFO — [TRANSFORM] commandes    : 50000 → 44802 lignes (5198 supprimées au total)
2026-05-04 20:02:18,081 — INFO — [TRANSFORM] clients      : début avec 5100 lignes
2026-05-04 20:02:18,088 — INFO — [TRANSFORM] R1 doublons  : 209 clients en doublon supprimés
2026-05-04 20:02:18,091 — INFO — [TRANSFORM] R2 sexe      : standardisé → m / f / inconnu
2026-05-04 20:02:18,094 — INFO — [TRANSFORM] R3 âge       : 103 dates de naissance invalidées
2026-05-04 20:02:18,099 — INFO — [TRANSFORM] R4 emails    : 4 emails invalides mis à None
2026-05-04 20:02:18,104 — INFO — [TRANSFORM] R5 villes    : harmonisées via référentiel
2026-05-04 20:02:18,107 — INFO — [TRANSFORM] clients      : 5100 → 4891 lignes (209 supprimées au total)
2026-05-04 20:02:18,107 — INFO — [TRANSFORM] produits     : début avec 50 lignes
2026-05-04 20:02:18,107 — INFO — [TRANSFORM] R1 catégories: normalisées en Title Case
2026-05-04 20:02:18,109 — INFO — [TRANSFORM] R2 prix null : 2 prix remplacés par la médiane de catégorie
2026-05-04 20:02:18,110 — INFO — [TRANSFORM] R3 SCD Type2 : 3 produits inactifs marqués avec date_fin
2026-05-04 20:02:18,110 — INFO — [TRANSFORM] produits     : 50 → 50 lignes (aucune suppression)
2026-05-04 20:02:18,127 — INFO — [TRANSFORM] segments     : {'Gold': 1515, 'Bronze': 1459, 'Silver': 1414}
2026-05-04 20:02:18,128 — INFO — --- PHASE BUILD DIMENSIONS ---
2026-05-04 20:02:18,162 — INFO — [BUILD] dim_temps        : 2192 lignes (2020-01-01 → 2025-12-31)
2026-05-04 20:02:18,164 — INFO — [BUILD] dim_produit      : 50 lignes
2026-05-04 20:02:18,169 — INFO — [BUILD] dim_client       : 4891 lignes
2026-05-04 20:02:18,171 — INFO — [BUILD] dim_region       : 15 lignes
2026-05-04 20:02:18,172 — INFO — [BUILD] dim_livreur      : 16 lignes (+ 1 livreur inconnu)
2026-05-04 20:02:18,391 — INFO — [BUILD] fait_ventes      : 44802 → 43342 lignes (1460 sans correspondance dimension)
2026-05-04 20:02:18,392 — INFO — --- PHASE LOAD ---
2026-05-04 20:02:18,672 — INFO — [LOAD] dim_temps            :   2192 lignes chargées (replace)
2026-05-04 20:02:18,689 — INFO — [LOAD] dim_produit          :     50 lignes chargées (replace)
2026-05-04 20:02:19,132 — INFO — [LOAD] dim_client           :   4891 lignes chargées (replace)
2026-05-04 20:02:19,141 — INFO — [LOAD] dim_region           :     15 lignes chargées (replace)
2026-05-04 20:02:19,149 — INFO — [LOAD] dim_livreur          :     16 lignes chargées (replace)
2026-05-04 20:02:24,806 — INFO — [LOAD] fait_ventes          :  43342 lignes chargées
2026-05-04 20:02:24,806 — INFO — ============================================================
2026-05-04 20:02:24,806 — INFO —   PIPELINE TERMINÉ EN 9s
2026-05-04 20:02:24,806 — INFO —   dim_temps    :   2192 lignes
2026-05-04 20:02:24,806 — INFO —   dim_produit  :     50 lignes
2026-05-04 20:02:24,806 — INFO —   dim_client   :   4891 lignes
2026-05-04 20:02:24,806 — INFO —   dim_region   :     15 lignes
2026-05-04 20:02:24,806 — INFO —   dim_livreur  :     16 lignes
2026-05-04 20:02:24,806 — INFO —   fait_ventes  :  43342 lignes
2026-05-04 20:02:24,806 — INFO — ============================================================
