2026-05-05 07:53:02,875 — INFO — --- PHASE EXTRACT ---
2026-05-05 07:53:03,057 — INFO — [EXTRACT] commandes      :  50000 lignes extraites
2026-05-05 07:53:03,069 — INFO — [EXTRACT] clients        :   5100 lignes extraites
2026-05-05 07:53:03,071 — INFO — [EXTRACT] produits       :     50 lignes extraites
2026-05-05 07:53:03,072 — INFO — [EXTRACT] regions        :     30 lignes extraites
2026-05-05 07:53:03,073 — INFO — [EXTRACT] livreurs       :     15 lignes extraites
2026-05-05 07:53:03,073 — INFO — --- PHASE TRANSFORM ---
2026-05-05 07:53:03,074 — INFO — [TRANSFORM] commandes    : début avec 50000 lignes
2026-05-05 07:53:03,088 — INFO — [TRANSFORM] R1 doublons  : 1424 lignes supprimées
2026-05-05 07:53:05,104 — INFO — [TRANSFORM] R2 dates     : 0 dates invalides supprimées
2026-05-05 07:53:05,132 — INFO — [TRANSFORM] R3 villes    : 0 villes non reconnues → 'Non renseignée'
2026-05-05 07:53:05,137 — INFO — [TRANSFORM] R4 statuts   : 0 valeurs non reconnues → 'inconnu'
2026-05-05 07:53:05,155 — INFO — [TRANSFORM] R5 quantités : 2890 lignes supprimées (quantite <= 0)
2026-05-05 07:53:05,164 — INFO — [TRANSFORM] R6 prix nuls : 884 commandes test supprimées
2026-05-05 07:53:05,167 — INFO — [TRANSFORM] R7 livreurs  : 3127 valeurs manquantes → '-1'
2026-05-05 07:53:05,176 — INFO — [TRANSFORM] commandes    : 50000 → 44802 lignes (5198 supprimées au total)
2026-05-05 07:53:05,177 — INFO — [TRANSFORM] clients      : début avec 5100 lignes
2026-05-05 07:53:05,184 — INFO — [TRANSFORM] R1 doublons  : 209 clients en doublon supprimés
2026-05-05 07:53:05,186 — INFO — [TRANSFORM] R2 sexe      : standardisé → m / f / inconnu
2026-05-05 07:53:05,190 — INFO — [TRANSFORM] R3 âge       : 103 dates de naissance invalidées
2026-05-05 07:53:05,194 — INFO — [TRANSFORM] R4 emails    : 4 emails invalides mis à None
2026-05-05 07:53:05,199 — INFO — [TRANSFORM] R5 villes    : harmonisées via référentiel
2026-05-05 07:53:05,201 — INFO — [TRANSFORM] clients      : 5100 → 4891 lignes (209 supprimées au total)
2026-05-05 07:53:05,201 — INFO — [TRANSFORM] produits     : début avec 50 lignes
2026-05-05 07:53:05,202 — INFO — [TRANSFORM] R1 catégories: normalisées en Title Case
2026-05-05 07:53:05,204 — INFO — [TRANSFORM] R2 prix null : 2 prix remplacés par la médiane de catégorie
2026-05-05 07:53:05,205 — INFO — [TRANSFORM] R3 SCD Type2 : 3 produits inactifs marqués avec date_fin
2026-05-05 07:53:05,205 — INFO — [TRANSFORM] produits     : 50 → 50 lignes (aucune suppression)
2026-05-05 07:53:05,220 — INFO — [TRANSFORM] segments     : {'Gold': 1515, 'Bronze': 1459, 'Silver': 1414}
2026-05-05 07:53:05,221 — INFO — --- PHASE BUILD DIMENSIONS ---
2026-05-05 07:53:05,249 — INFO — [BUILD] dim_temps        : 2192 lignes (2020-01-01 → 2025-12-31)
2026-05-05 07:53:05,251 — INFO — [BUILD] dim_produit      : 50 lignes
2026-05-05 07:53:05,255 — INFO — [BUILD] dim_client       : 4891 lignes
2026-05-05 07:53:05,257 — INFO — [BUILD] dim_region       : 15 lignes
2026-05-05 07:53:05,257 — INFO — [BUILD] dim_livreur      : 16 lignes (+ 1 livreur inconnu)
2026-05-05 07:53:05,477 — INFO — [BUILD] fait_ventes      : 44802 → 43342 lignes (1460 sans correspondance dimension)
2026-05-05 07:53:05,775 — INFO — --- PHASE LOAD → SQLite ---
2026-05-05 07:53:06,060 — INFO — [LOAD → SQLite] dim_temps            :   2192 lignes
2026-05-05 07:53:06,082 — INFO — [LOAD → SQLite] dim_produit          :     50 lignes
2026-05-05 07:53:06,460 — INFO — [LOAD → SQLite] dim_client           :   4891 lignes
2026-05-05 07:53:06,476 — INFO — [LOAD → SQLite] dim_region           :     15 lignes
2026-05-05 07:53:06,491 — INFO — [LOAD → SQLite] dim_livreur          :     16 lignes
2026-05-05 07:53:11,694 — INFO — [LOAD → SQLite] fait_ventes          :  43342 lignes
2026-05-05 07:53:11,694 — INFO — =======================================================
2026-05-05 07:53:11,694 — INFO —   TERMINÉ EN 8s → SQLite
2026-05-05 07:53:11,694 — INFO —   dim_temps    :   2192 lignes
2026-05-05 07:53:11,694 — INFO —   dim_produit  :     50 lignes
2026-05-05 07:53:11,694 — INFO —   dim_client   :   4891 lignes
2026-05-05 07:53:11,695 — INFO —   dim_region   :     15 lignes
2026-05-05 07:53:11,695 — INFO —   dim_livreur  :     16 lignes
2026-05-05 07:53:11,695 — INFO —   fait_ventes  :  43342 lignes
2026-05-05 07:53:11,695 — INFO — =======================================================
